name="bash"|version="5.2.21"|depends="glibc,readline,ncurses"|app/shell/bash
name="nano"|version="7.2"|depends="glibc,readline,ncurses"|app/editor/nano
name="libsepol"|version="3.6"|depends=""|app/arch/libsepol
name="xz"|version="5.4.5"|depends="glibc,readline,ncurses"|app/arch/xz
name="attr"|version="2.5.1"|depends=""|app/arch/attr
name="libarchive"|version="3.7.2"|depends="glibc"|app/arch/libarchive
name="mcstrans"|version="3.6"|depends=""|app/arch/mcstrans
name="libselinux"|version="3.6"|depends=""|app/arch/libselinux
name="bzip2"|version="1.0.8"|depends="glibc,readline,ncurses"|app/arch/bzip2
name="coreutils"|version="9.4"|depends=""|app/arch/coreutils
name="libsemanage"|version="3.6"|depends=""|app/arch/libsemanage
name="zlib"|version="1.3"|depends="glibc,readline,ncurses"|app/arch/zlib
name="gzip"|version="1.13"|depends=""|app/arch/gzip
name="libmd"|version="1.1.0"|depends=()|app/crypt/libmd
name="gperf"|version="3.1"|depends=""|dev/util/gperf
name="libmpc"|version="1.3.1"|depends="glibc,mpfr"|dev/libs/libmpc
name="openssl"|version="3.2.0"|depends="glibc"|dev/libs/openssl
name="glib"|version="2.78.0"|depends="libffi,util-linux,libpcre2,zlib"|dev/libs/glib
name="libbsd"|version="0.11.7"|depends=""|dev/libs/libbsd
name="libffi"|version="3.4.4"|depends=""|dev/libs/libffi
name="libunistring"|version="1.1"|depends=( )|dev/libs/libunistring
name="libpcre2"|version="10.40"|depends=""|dev/libs/libpcre2
name="gmp"|version="6.3.0"|depends="glibc"|dev/libs/gmp
name="mpfr"|version="4.2.0"|depends="glibc,gmp"|dev/libs/mpfr
name="zstd"|version="1.5.5"|depends="glibc,readline,ncurses"|libs/zstd
name="font-util"|version="1.3.3"|depends=""|media/fonts/font-util
name="font-bh-lucidatypewriter-100dpi"|version="1.0.3"|depends="font-util"|media/fonts/font-bh-lucidatypewriter-100dpi
name="font-cronyx-cyrillic"|version="1.0.3"|depends="bdftopcf,font-util"|media/fonts/font-cronyx-cyrillic
name="font-bitstream-type1"|version="1.0.3"|depends="font-util"|media/fonts/font-bitstream-type1
name="dejavu"|version="2.37"|depends=""|media/fonts/dejavu
name="font-bh-type1"|version="1.0.3"|depends="font-util"|media/fonts/font-bh-type1
name="font-bh-ttf"|version="1.0.3"|depends="font-util"|media/fonts/font-bh-ttf
name="encodings"|version="1.0.6"|depends="mkfontscale"|media/fonts/encodings
name="font-daewoo-misc"|version="1.0.3"|depends="bdftopcf,font-util"|media/fonts/font-daewoo-misc
name="font-alias"|version="1.0.4"|depends="font-util"|media/fonts/font-alias
name="font-xfree86-type1"|version="1.0.4"|depends=""|media/fonts/font-xfree86-type1
name="font-bh-75dpi"|version="1.0.3"|depends="bdftopc,font-util"|media/fonts/font-bh-75dpi
name="font-jis-misc"|version="1.0.3"|depends="bdftopcf,font-util"|media/fonts/font-jis-misc
name="font-base"|version="1.0.0"|depends="cantarell-fonts,dejavu,encodings,font-adobe-utopia-type1,font-alias,font-bh-100dpi,font-bh-75dpi,font-bh-lucidatypewriter-100dpi,font-bh-lucidatypewriter-75dpi,font-bh-ttf,font-bh-type1,font-bitstream-type1,font-cronyx-cyrillic,font-cursor-misc,font-daewoo-misc,font-dec-misc,font-ibm-type1,font-isas-misc,font-jis-misc,font-util,font-xfree86-type1"|media/fonts/font-base
name="font-isas-misc"|version="1.0.3"|depends="bdftopcf,font-util"|media/fonts/font-isas-misc
name="font-cursor-misc"|version="1.0.3"|depends="font-util"|media/fonts/font-cursor-misc
name="cantarell-fonts"|version="0.303.1"|depends=""|media/fonts/cantarell-fonts
name="font-ibm-type1"|version="1.0.3"|depends="font-util"|media/fonts/font-ibm-type1
name="font-bh-100dpi"|version="1.0.3"|depends="bdftopcf,font-util"|media/fonts/font-bh-100dpi
name="font-bh-lucidatypewriter-75dpi"|version="1.0.3"|depends="font-util"|media/fonts/font-bh-lucidatypewriter-75dpi
name="font-dec-misc"|version="1.0.3"|depends="bdftopcf font-util"|media/fonts/font-dec-misc
name="font-adobe-utopia-type1"|version="1.0.4"|depends="font-util"|media/fonts/font-adobe-utopia-type1
name="harfbuzz"|version="8.3.0"|depends="cairo,glib"|media/libs/harfbuzz
name="libpng"|version="1.6.39"|depends="zlib"|media/libs/libpng
name="freetype"|version="2.13.1"|depends="zlib,bzip2,glib,libpng"|media/libs/freetype
name="fontconfig"|version="2.15.0"|depends="freetype expat"|media/libs/fontconfig
name="mesa"|version="23.1.7"|depends="libva,libvdpau,libdrm,llvm,glslang,elfutils,libclc,py3-mako,libglvnd,eudev,wayland,wayland-protocols,libxshmfence,libXxf86vm,libXrandr"|media/libs/mesa
name="libtirpc"|version="1.3.3"|depends=""|net/libs/libtirpc
name="libcrypt"|version="4.4.36"|depends=""|net/libs/libcrypt
name="libssh"|version="0.10.4"|depends="openssl,zlib"|net/libs/libssh
name="libcap"|version="2.69"|depends="glibc,acl,openssl"|net/misc/libcap
name="expat"|version="2.5.0"|depends="glibc"|net/misc/expat
name="openssh"|version="9.6p1"|depends=(zlib libxcrypt openssl libmd)|net/misc/openssh
name="curl"|version="8.4.0"|depends="glibc,acl,openssl"|net/misc/curl
name="rsync"|version="3.2.7"|depends="glibc,acl,openssl"|net/misc/rsync
name="libxml2"|version="2.12.1"|depends="glibc,acl,openssl"|net/misc/libxml2
name="audit"|version='3.1.1'|depends=""|sys/process/audit
name="elogind"|version="252.9"|depends="acl,attr,audit,libcap-ng,libcap,dbus,pam"|sys/auth/elogind
name="e2fsprogs"|version="1.47.0"|depends="glibc,readline,ncurses"|sys/fs/e2fsprogs
name="initramfs-tools"|version="0.142"|depends="glibc,readline,ncurses"|sys/fs/initramfs-tools
name="findutils"|version="4.9.0"|depends="glibc,readline,ncurses"|sys/fs/findutils
name="eudev"|version="3.2.14"|depends="glibc,readline,ncurses"|sys/fs/eudev
name="live-config"|version="11.0.4"|depends="glibc,acl,openssl"|sys/kernel/live-config
name="live-boot"|version="1230131"|depends="glibc,acl,openssl"|sys/kernel/live-boot
name="base-file"|version="1.0"|depends=""|sys/base/base-file
name="glibc"|version="2.38"|depends=""|sys/base/glibc
name="libc6-dev"|version="2.38-5"|depends=""|sys/base/libc6-dev
name="libstdc++-dev"|version="13.2.0-13"|depends=""|sys/base/libstdc++-dev
name="busybox"|version="1.36.1"|depends="glibc"|sys/base/busybox
name="linux-image"|version="6.6.13"|depends=""|sys/base/linux-image
name="openrc"|version="0.46"|depends=""|sys/apps/openrc
name="util-linux"|version="2.39.3"|depends="glibc,readline,ncurses"|sys/apps/util-linux
name="acl"|version='2.3.1'|depends="glibc"|sys/apps/acl
name="sed"|version="4.9"|depends="glibc,acl"|sys/apps/sed
name="dialog"|version="1.3-20230209"|depends="glibc,readline,ncurses"|sys/apps/dialog
name="brotli"|version="1.1.0"|depends="glibc,zlib"|sys/apps/brotli
name="grep"|version="3.11"|depends="glibc,libpcre2"|sys/apps/grep
name="readline"|version="8.1"|depends="glibc"|sys/apps/readline
name="file"|version="5.45"|depends=""|sys/apps/file
name="gawk"|version="5.3.0"|depends="mpfr,readline"|sys/apps/gawk
name="kmod"|version="31"|depends="glibc,zlib"|sys/apps/kmod
name="pam"|version="1.5.2"|depends="libtirpc,libxcrypt,libnsl"|sys/libs/pam
name="ncurses"|version="6.4"|depends="glibc"|sys/libs/ncurses
name="libcap-ng"|version="0.8.3"|depends="glibc,acl,openssl"|sys/libs/libcapng
name="dosfstools"|version="4.2"|depends="glibc"|sys/block/dosfstools
name="parted"|version="3.6"|depends="glibc"|sys/block/parted
name="libtool"|version="2.4.6"|depends=("sed,grep")|sys/devel/libtool
name="patch"|version="2.7.6"|depends=("attr")|sys/devel/patch
name="bc"|version="1.07"|depends="readline"|sys/devel/bc
name="bison"|version="3.8.2"|depends=()|sys/devel/bison
name="binutils"|version="2.41"|depends="glibc,zlib"|sys/devel/binutils
name="gettext"|version="0.22"|depends="libunistring"
bzip2_depends=(bzip2)
lzma_depends=(xz-utils)|sys/devel/gettext
name="autoconf"|version="2.72"|depends="perl,m4"|sys/devel/autoconf
name="gcc"|version="13.1.0"|depends="glibc,gmp,mpc,mpfr,binutils,libmpc,zlib,linux-headers"|sys/devel/gcc
name="make"|version="4.4"|depends=( )|sys/devel/make
name="m4"|version="1.4.19"|depends=""|sys/devel/m4
name="flex"|version="2.6.4"|depends=()|sys/devel/flex
name="automake"|version="1.16.5"|depends="autoconf"|sys/devel/automake
name="grub"|version="2.06"|depends="glibc,readline,ncurses"|sys/boot/grub
name="x11-base-base"|version="1.0.0"|depends="xcb-proto,xorgproto,xorg-server,xorg-xwayland"|x11/x11-base-base
name="xf86-video-vmware"|version="13.4.0"|depends=()|x11/drivers/xf86-video-vmware
name="xf86-video-siliconmotion"|version="1.7.9"|depends=()|x11/drivers/xf86-video-siliconmotion
name="xf86-input-evdev"|version="2.10.6"|depends="mtdev,libevdev,eudev"|x11/drivers/xf86-input-evdev
name="xf86-input-mtrack"|version="0.3.1"|depends=()|x11/drivers/xf86-input-mtrack
name="xf86-video-ast"|version="1.1.6"|depends=()|x11/drivers/xf86-video-ast
name="xf86-video-mga"|version="2.0.1"|depends=()|x11/drivers/xf86-video-mga
name="xf86-input-keyboard"|version="1.9.0"|depends=()|x11/drivers/xf86-input-keyboard
name="xf86-video-dummy"|version="0.4.0"|depends=()|x11/drivers/xf86-video-dummy
name="xf86-video-vboxvideo"|version="1.0.0"|depends=()|x11/drivers/xf86-video-vboxvideo
name="xf86-video-r128"|version="6.12.1"|depends=()|x11/drivers/xf86-video-r128
name="xf86-video-nouveau"|version="1.0.17"|depends=()|x11/drivers/xf86-video-nouveau
name="xf86-input-joystick"|version="1.6.4"|depends=()|x11/drivers/xf86-input-joystick
name="xf86-video-ati"|version="22.0.0"|depends=()|x11/drivers/xf86-video-ati
name="xf86-video-openchrome"|version="0.6.0"|depends="libXvMC"|x11/drivers/xf86-video-openchrome
name="xf86-video-qxl"|version="0.1.6"|depends="freetype,spice-protocol"|x11/drivers/xf86-video-qxl
name="xf86-video-amdgpu"|version="23.0.0"|depends=()|x11/drivers/xf86-video-amdgpu
name="xf86-input-wacom"|version="1.2.0"|depends="libXi,libXinerama"|x11/drivers/xf86-input-wacom
name="xf86-input-mouse"|version="1.9.4"|depends=()|x11/drivers/xf86-input-mouse
name="xf86-video-vesa"|version="2.6.0"|depends=()|x11/drivers/xf86-video-vesa
name="xf86-input-synaptics"|version="1.9.2"|depends="libXi"|x11/drivers/xf86-input-synaptics
name="xf86-video-intel"|version="2.99.917"|depends=()|x11/drivers/xf86-video-intel
name="xf86-video-fbdev"|version="0.5.0"|depends=()|x11/drivers/xf86-video-fbdev
name="xf86-input-void"|version="1.4.2"|depends=()|x11/drivers/xf86-input-void
name="xf86-input-elographics"|version="1.4.3"|depends=()|x11/drivers/xf86-input-elographics
name="xf86-input-vmmouse"|version="13.2.0"|depends=()|x11/drivers/xf86-input-vmmouse
name="xf86-input-libinput"|version="1.4.0"|depends="libinput"|x11/drivers/xf86-input-libinput
name="x11-libs-base"|version="1.0.0"|depends="cairo,gdk-pixbuf,gtksourceview4,hsakmt,libdatrie,libdmx,libdrm,libfm,libfontenc,libFS,libICE,libnotify,libpciaccess,libSM,libthai,libvdpau,libwnck3,libX11,libXau,libXaw,libXaw3d,libxcb,libXcomposite,libXcursor,libxcvt,libXdamage,libXdmcp,libXext,libXfixes,libXfont,libXfont2,libXft,libXi,libXinerama,libxkbcommon,libxkbfile,libxkbui,libxklavier,libXmu,libXpm,libXpresent,libXrandr,libXrender,libXres,libxshmfence,libxss,libXt,libXtst,libXv,libXvMC,libXxf86dga,libXxf86vm,pango,pixman,startup-notification,tslib,vte3,xapp,xcb-util,xcb-util-cursor,xcb-util-errors,xcb-util-image,xcb-util-keysyms,xcb-util-renderutil,xcb-util-wm,xtrans"|x11/x11-libs-base
name="xcb-proto"|version="1.16.0"|depends=()|x11/base/xcb-proto
name="xorg-server"|version="21.1.6"|depends="libmd,libbsd,libepoxy,libfontenc,libxkbfile,xauth,xkbcomp,setxkbmap,freetype,|x11/base/xorg-server
name="xorg-xwayland"|version="23.2.1"|depends="wayland,libdrm,libepoxy,libglvnd,libXau,libxcvt,mesa,nettle,pixman"|x11/base/xorg-xwayland
name="xorgproto"|version="2023.2"|depends=()|x11/base/xorgproto
name="xterm"|version="388"|depends="libX11,ncurses,util-linux,libXt,libXau,libXinerama,libXaw,libXpm,libXft"|x11/terms/xterm
name="gnome-terminal"|version="3.50.1"|depends="dconf,gsettings-desktop-schemas,itstool,libpcre2,vte3"|x11/terms/gnome-terminal
name="bdftopcf"|version="1.1.1"|depends="font-util"|x11/apps/bdftopcf
name="mkfontscale"|version="1.2.2"|depends="freetype,libfontenc"|x11/apps/mkfontscale
name="libXcomposite"|version="0.4.6"|depends=()|x11/libs/libXcomposite
name="libXv"|version="1.0.12"|depends=()|x11/libs/libXv
name="libXvMC"|version="1.0.13"|depends="libX11,libXext,libXv,xorgproto"|x11/libs/libXvMC
name="libfontenc"|version="1.1.7"|depends=()|x11/libs/libfontenc
name="libxkbcommon"|version="1.6.0"|depends="libxml2,libxcb,xkeyboard-config,wayland-protocols,wayland"|x11/libs/libxkbcommon
name="libvdpau"|version="1.5"|depends="libXext"|x11/libs/libvdpau
name="xcb-util-renderutil"|version="0.3.10"|depends="libxcb,util-macros,xorgproto"|x11/libs/xcb-util-renderutil
name="libXres"|version="1.2.2"|depends="libX11,libXext,xorgproto"|x11/libs/libXres
name="libXext"|version="1.3.5"|depends="libX11,xorgproto"|x11/libs/libXext
name="libthai"|version="0.1.29"|depends="libdatrie"|x11/libs/libthai
name="xtrans"|version="1.5.0"|depends=()|x11/libs/xtrans
name="libxkbfile"|version="1.1.2"|depends="libX11,xorgproto"|x11/libs/libxkbfile
name="xcb-util-cursor"|version="0.1.4"|depends="libxcb,xcb-util-image,xcb-util-renderutil,xorgproto"|x11/libs/xcb-util-cursor
name="libXcursor"|version="1.2.1"|depends="libXrender,libXfixes,libX11"|x11/libs/libXcursor
name="libnotify"|version="0.8.2"|depends=()|x11/libs/libnotify
name="xapp"|version="2.8.0"|depends="libdbusmenu,libgnomekbd,vala,py3-pygobject,make,gobject-introspection"|x11/libs/xapp
name="libFS"|version="1.0.9"|depends="xorgproto"|x11/libs/libFS
name="startup-notification"|version="0.12"|depends="libX11,xcb-util"|x11/libs/startup-notification
name="libXau"|version="1.0.10"|depends="xorgproto"|x11/libs/libXau
name="gtksourceview4"|version="4.8.4"|depends="gtk3,libxml2,gobject-introspection"|x11/libs/gtksourceview4
name="tslib"|version="1.22"|depends=()|x11/libs/tslib
name="libXrender"|version="0.9.11"|depends=()|x11/libs/libXrender
name="pango"|version="1.51.0"|depends="fribidi,libthai,harfbuzz,cairo,libXft"|x11/libs/pango
name="libdrm"|version="2.4.114"|depends="libpciaccess"|x11/libs/libdrm
name="libXinerama"|version="1.1.5"|depends=()|x11/libs/libXinerama
name="libXpm"|version="3.5.14"|depends="libX11"|x11/libs/libXpm
name="libXxf86vm"|version="1.1.5"|depends=()|x11/libs/libXxf86vm
name="libXaw"|version="1.0.14"|depends="libXext,libXt,libXmu,libXpm"|x11/libs/libXaw
name="libXfixes"|version="6.0.0"|depends=()|x11/libs/libXfixes
name="libXdamage"|version="1.1.6"|depends="libXfixes,libX11"|x11/libs/libXdamage
name="libdmx"|version="1.1.4"|depends=()|x11/libs/libdmx
name="xcb-util-image"|version="0.4.1"|depends="libxcb,xcb-util,xorgproto,util-macros"|x11/libs/xcb-util-image
name="xcb-util"|version="0.4.0"|depends="libxcb,util-macros,xorgproto"|x11/libs/xcb-util
name="libxcvt"|version="0.1.2"|depends=()|x11/libs/libxcvt
name="libX11"|version="1.8"|depends="libxcb,libXau,libXdmcp,xtrans"|x11/libs/libX11
name="libxshmfence"|version="1.3.2"|depends="xorgproto"|x11/libs/libxshmfence
name="libxss"|version="1.2.4"|depends="libXext,util-macros,xorgproto"|x11/libs/libxss
name="libXxf86dga"|version="1.1.6"|depends=()|x11/libs/libXxf86dga
name="libICE"|version="1.1.1"|depends="xorgproto"|x11/libs/libICE
name="libXrandr"|version="1.5.3"|depends="libXrender"|x11/libs/libXrandr
name="libwnck3"|version="43.0"|depends="startup-notification"|x11/libs/libwnck3
name="hsakmt"|version="1.0.0"|depends=()|x11/libs/hsakmt
name="xcb-util-wm"|version="0.4.2"|depends=()|x11/libs/xcb-util-wm
name="gdk-pixbuf"|version="2.42.10"|depends="libjpeg-turbo,shared-mime-info,gi-docgen,libtiff,libpng"|x11/libs/gdk-pixbuf
name="libXdmcp"|version="1.1.4"|depends=()|x11/libs/libXdmcp
name="libXaw3d"|version="1.6.4"|depends="libX11,libXt,libXmu,libXext"|x11/libs/libXaw3d
name="libdatrie"|version="0.2.13"|depends=()|x11/libs/libdatrie
name="libXtst"|version="1.2.4"|depends="libX11,libXext,xorgproto,libXi"|x11/libs/libXtst
name="libxkbui"|version="1.0.2"|depends="libX11,libXt,libxkbfile"|x11/libs/libxkbui
name="xcb-util-keysyms"|version="0.4.1"|depends=()|x11/libs/xcb-util-keysyms
name="libXft"|version="2.3.7"|depends="fontconfig,libXrender"|x11/libs/libXft
name="libxklavier"|version="5.4"|depends="glib,iso-codes,libxml2"|x11/libs/libxklavier
name="libSM"|version="1.2.4"|depends="xorgproto,libICE"|x11/libs/libSM
name="vte3"|version="0.74.0"|depends="libxkbcommon,libxcb,wayland,libthai,pixman,libpng,pixman,libpcre2,pango,p11-kit,nettle,util-linux,libjpeg-turbo,|x11/libs/vte3
name="cairo"|version="1.18.0"|depends=(pixman libpng glib libpcre2 fontconfig libX11)|x11/libs/cairo
name="pixman"|version="0.42.2"|depends=()|x11/libs/pixman
name="libXfont"|version="1.5.4"|depends="libfontenc,freetype"|x11/libs/libXfont
name="libXt"|version="1.3.0"|depends="libSM,libX11"|x11/libs/libXt
name="libXmu"|version="1.1.4"|depends="libXt,libXext,libX11"|x11/libs/libXmu
name="libXfont2"|version="2.0.6"|depends=()|x11/libs/libXfont2
name="libxcb"|version="1.16"|depends="libXau,libXdmcp,xcb-proto"|x11/libs/libxcb
name="libfm"|version="1.3.2"|depends="gtk3,pango,intltool,menu-cache"|x11/libs/libfm
name="libXpresent"|version="1.0.1"|depends="libX11,xorgproto,libXext,libXfixes,libXrandr"|x11/libs/libXpresent
name="libXi"|version="1.8"|depends="libXfixes"|x11/libs/libXi
name="libpciaccess"|version="0.17"|depends=()|x11/libs/libpciaccess
name="xcb-util-errors"|version="1.0.1"|depends=()|x11/libs/xcb-util-errors
name="x11-driver-base"|version="1.0.0"|depends="xf86-input-elographics,xf86-input-evdevxf86-input-joystick,xf86-input-keyboard,xf86-input-libinput,xf86-input-mouse,xf86-input-mtrack,xf86-input-synaptics,xf86-input-vmmouse,xf86-input-void,xf86-input-wacom,xf86-video-amdgpu,xf86-video-ast,xf86-video-ati,xf86-video-dummy,xf86-video-fbdev,xf86-video-intel,xf86-video-mga,xf86-video-nouveau,xf86-video-openchrome,xf86-video-qxl,xf86-video-r128,xf86-video-siliconmotion,xf86-video-vboxvideo,xf86-video-vesa,xf86-video-vmware"|x11/x11-driver-base
